// Jest Snapshot v1, https://goo.gl/fbAQLP

exports[`should match snapshot 1`] = `
Object {
  "asFragment": [Function],
  "baseElement": <body>
    <div>
      <form
        class="container"
      >
        <div
          class="input"
        >
          <input
            class="input"
            data-testid="test-Input"
            placeholder=""
            type="text"
            value=""
          />
        </div>
        <div
          class="button"
        >
          <button
            class="button"
          >
            <div
              class="label"
            >
              Send
            </div>
            <div
              class="icon"
            >
              <span
                class="container mod-primary"
                data-testid="test-Icon"
              >
                <svg
                  class="icon"
                  viewBox="0 0 512 512"
                  xmlns="http://www.w3.org/2000/svg"
                >
                  <path
                    d="M16,464,496,256,16,48V208l320,48L16,304Z"
                  />
                </svg>
              </span>
            </div>
          </button>
        </div>
      </form>
    </div>
  </body>,
  "container": <div>
    <form
      class="container"
    >
      <div
        class="input"
      >
        <input
          class="input"
          data-testid="test-Input"
          placeholder=""
          type="text"
          value=""
        />
      </div>
      <div
        class="button"
      >
        <button
          class="button"
        >
          <div
            class="label"
          >
            Send
          </div>
          <div
            class="icon"
          >
            <span
              class="container mod-primary"
              data-testid="test-Icon"
            >
              <svg
                class="icon"
                viewBox="0 0 512 512"
                xmlns="http://www.w3.org/2000/svg"
              >
                <path
                  d="M16,464,496,256,16,48V208l320,48L16,304Z"
                />
              </svg>
            </span>
          </div>
        </button>
      </div>
    </form>
  </div>,
  "debug": [Function],
  "findAllByAltText": [Function],
  "findAllByDisplayValue": [Function],
  "findAllByLabelText": [Function],
  "findAllByPlaceholderText": [Function],
  "findAllByRole": [Function],
  "findAllByTestId": [Function],
  "findAllByText": [Function],
  "findAllByTitle": [Function],
  "findByAltText": [Function],
  "findByDisplayValue": [Function],
  "findByLabelText": [Function],
  "findByPlaceholderText": [Function],
  "findByRole": [Function],
  "findByTestId": [Function],
  "findByText": [Function],
  "findByTitle": [Function],
  "getAllByAltText": [Function],
  "getAllByDisplayValue": [Function],
  "getAllByLabelText": [Function],
  "getAllByPlaceholderText": [Function],
  "getAllByRole": [Function],
  "getAllByTestId": [Function],
  "getAllByText": [Function],
  "getAllByTitle": [Function],
  "getByAltText": [Function],
  "getByDisplayValue": [Function],
  "getByLabelText": [Function],
  "getByPlaceholderText": [Function],
  "getByRole": [Function],
  "getByTestId": [Function],
  "getByText": [Function],
  "getByTitle": [Function],
  "queryAllByAltText": [Function],
  "queryAllByDisplayValue": [Function],
  "queryAllByLabelText": [Function],
  "queryAllByPlaceholderText": [Function],
  "queryAllByRole": [Function],
  "queryAllByTestId": [Function],
  "queryAllByText": [Function],
  "queryAllByTitle": [Function],
  "queryByAltText": [Function],
  "queryByDisplayValue": [Function],
  "queryByLabelText": [Function],
  "queryByPlaceholderText": [Function],
  "queryByRole": [Function],
  "queryByTestId": [Function],
  "queryByText": [Function],
  "queryByTitle": [Function],
  "rerender": [Function],
  "unmount": [Function],
}
`;
